22:56:44 **** Incremental Build of configuration Debug for project PCSE_TPF ****
make -j4 all 
arm-none-eabi-size   PCSE_TPF.elf 
   text	   data	    bss	    dec	    hex	filename
  36772	    476	   2124	  39372	   99cc	PCSE_TPF.elf
Finished building: default.size.stdout
 
22:56:47 **** Incremental Build of configuration Debug for project PCSE_TPF ****
make -j4 all 
arm-none-eabi-size   PCSE_TPF.elf 
   text	   data	    bss	    dec	    hex	filename
  36772	    476	   2124	  39372	   99cc	PCSE_TPF.elf
Finished building: default.size.stdout
 
22:57:28 **** Incremental Build of configuration Debug for project PCSE_TPF ****
make -j4 all 
arm-none-eabi-size   PCSE_TPF.elf 
   text	   data	    bss	    dec	    hex	filename
  36772	    476	   2124	  39372	   99cc	PCSE_TPF.elf
Finished building: default.size.stdout
 
